-99
-99
-95
-88
-87
-82
-71
-59
-59
-58
-52
-46
-41
-38
-36
-25
-17
-17
-5
3
5
20
25
39
52
58
72
84
88
89
