-100
-98
-91
-90
-89
-86
-86
-85
-85
-83
-81
-80
-72
-68
-68
-67
-63
-61
-52
-44
-42
-28
-26
-23
-22
-22
-21
-20
-14
-6
-5
-5
-3
0
3
4
5
8
9
12
14
17
23
24
27
30
32
34
36
39
42
42
48
75
87
89
91
95
96
96
