-99
-97
-97
-94
-91
-88
-87
-85
-85
-84
-82
-82
-75
-69
-63
-60
-60
-60
-59
-59
-59
-58
-55
-51
-50
-46
-45
-45
-44
-41
-40
-39
-37
-34
-33
-32
-30
-26
-25
-24
-21
-16
-10
-9
-6
-3
0
1
6
6
10
10
13
13
13
14
15
16
17
18
27
29
37
39
41
42
45
48
48
50
53
59
60
60
62
65
66
70
78
79
84
84
88
89
89
91
91
92
95
99
